// Jest Snapshot v1, https://goo.gl/fbAQLP

exports[`RawLoadingInfiniteScroll snapshot should match snapshot 1`] = `
ShallowWrapper {
  Symbol(enzyme.__root__): [Circular],
  Symbol(enzyme.__unrendered__): <RawLoadingInfiniteScroll
    element="div"
    getScrollParent={null}
    hasMore={false}
    initialLoad={true}
    isLoading={false}
    isReverse={false}
    loader={null}
    pageStart={0}
    query={
      Object {
        "parse": [Function],
      }
    }
    ref={null}
    threshold={250}
    useCapture={false}
    useWindow={true}
  >
    <div />
  </RawLoadingInfiniteScroll>,
  Symbol(enzyme.__renderer__): Object {
    "batchedUpdates": [Function],
    "checkPropTypes": [Function],
    "getNode": [Function],
    "render": [Function],
    "simulateError": [Function],
    "simulateEvent": [Function],
    "unmount": [Function],
  },
  Symbol(enzyme.__node__): null,
  Symbol(enzyme.__nodes__): Array [
    null,
  ],
  Symbol(enzyme.__options__): Object {
    "adapter": ReactSixteenAdapter {
      "options": Object {
        "enableComponentDidUpdateOnSetState": true,
        "legacyContextMode": "parent",
        "lifecycles": Object {
          "componentDidUpdate": Object {
            "onSetState": true,
          },
          "getChildContext": Object {
            "calledByRenderer": false,
          },
          "getDerivedStateFromProps": true,
          "getSnapshotBeforeUpdate": true,
          "setState": Object {
            "skipsComponentDidUpdateOnNullish": true,
          },
        },
      },
    },
  },
  Symbol(enzyme.__childContext__): null,
}
`;
